// Vitest Snapshot v1, https://vitest.dev/guide/snapshot.html

exports[`the React entry's public names 1`] = `
{
  "types": [
    "ArrayBinding",
    "FieldBinding",
    "HookOptions",
    "SelectOptions",
    "StoreProviderProps",
    "UseBehaviorsOptions",
    "UseFormOptions",
  ],
  "values": [
    "StoreProvider",
    "useArray",
    "useBehaviors",
    "useField",
    "useForm",
    "useStore",
    "useSync",
    "useValue",
  ],
}
`;

exports[`the core entry's public names 1`] = `
{
  "types": [
    "AnyBehavior",
    "AnyNode",
    "AnyRef",
    "ArrayOptions",
    "ArrayStore",
    "BaseStore",
    "Behavior",
    "BehaviorConfig",
    "BehaviorContext",
    "BehaviorErrorInfo",
    "BehaviorHandle",
    "CollectEntry",
    "ContainerNode",
    "Contribution",
    "Declaration",
    "FieldId",
    "Guard",
    "InferMeta",
    "InferValue",
    "ItemStore",
    "Listener",
    "MergeMetaRefs",
    "Meta",
    "MetaKeyOptions",
    "NewItemArgs",
    "NoPayload",
    "Origin",
    "OriginKind",
    "OwnerConfig",
    "OwnerContext",
    "Part",
    "Ref",
    "RefValue",
    "RootStore",
    "StoreOptions",
    "Unsubscribe",
    "UsedRefs",
    "WritableRef",
    "WriteOptions",
  ],
  "values": [
    "ArrayNode",
    "BehaviorBuilder",
    "CountRef",
    "FieldNode",
    "InitialRef",
    "MetaKeyDef",
    "MetaRef",
    "ObjectNode",
    "PendingInRef",
    "PendingOfRef",
    "ShapeNode",
    "array",
    "contribute",
    "countIn",
    "createStore",
    "defineBehavior",
    "defineBehaviors",
    "field",
    "form",
    "initialOf",
    "metaKey",
    "object",
    "pendingIn",
    "pendingOf",
    "when",
  ],
}
`;
